Line 2: unexpected catalog number: 'B 7-39a'
Line 3: unexpected catalog number: 'B 7-39b'
Line 4: unexpected catalog number: 'B 7-39c'
Line 5: unexpected catalog number: 'B 8-14a'
Line 6: unexpected catalog number: 'B 8-14b'
Line 7: unexpected catalog number: 'B 8-20p'
Line 8: unexpected catalog number: 'B 8-23a'
Line 9: unexpected catalog number: 'B 8-23b'
Line 10: unexpected catalog number: 'B 8-27'
Line 11: unexpected catalog number: 'B 8-28m'
Line 12: unexpected catalog number: 'B 8-4q'
Line 13: unexpected catalog number: 'F 18-3'
Line 14: unexpected catalog number: 'F 203-1'
Line 15: unexpected catalog number: 'F 22-1a'
Line 16: unexpected catalog number: 'F 22-1b'
Line 17: unexpected catalog number: 'F 22-2'
Line 18: unexpected catalog number: 'F 511-16'
Line 19: unexpected catalog number: 'FJ-1 Hd1'
Line 20: unexpected catalog number: 'FJ-1 Hd2'
Line 21: unexpected catalog number: 'FJ-1 Hd3'
Line 22: unexpected catalog number: 'FJ-1 Hd4'
Line 23: unexpected catalog number: 'FJ-4-SB-1a'
Line 24: unexpected catalog number: 'FJ-4-SB-1b'
Line 25: unexpected catalog number: 'FJ-4-SB-1c'
Line 26: unexpected catalog number: 'FJ-4-SB-1d'
Line 27: unexpected catalog number: 'FJ-4-SB-1e'
Line 28: unexpected catalog number: 'FJ-4-SB-1f'
Line 29: unexpected catalog number: 'FJ-4-SB-2'
Line 982: unexpected catalog number: 'L 1-1399'
Line 983: unexpected catalog number: 'L 1-292'
Line 984: unexpected catalog number: 'L 1-294'
Line 985: unexpected catalog number: 'L 1-398'
Line 986: unexpected catalog number: 'L 1-468'
Line 987: unexpected catalog number: 'L 1-611'
Line 988: unexpected catalog number: 'L 1-667'
Line 989: unexpected catalog number: 'L 1-768'
Line 990: unexpected catalog number: 'L 10-21'
Line 991: unexpected catalog number: 'L 105-7'
Line 992: unexpected catalog number: 'L 136-9'
Line 993: unexpected catalog number: 'L 144-23'
Line 994: unexpected catalog number: 'L 144-24'
Line 995: unexpected catalog number: 'L 157-35'
Line 996: unexpected catalog number: 'L 183-11'
Line 997: unexpected catalog number: 'L 2-79'
Line 998: unexpected catalog number: 'L 2-89'
Line 999: unexpected catalog number: 'L 209-17'
Line 1000: unexpected catalog number: 'L 209-18'
Line 1001: unexpected catalog number: 'L 209-30'
Line 1002: unexpected catalog number: 'L 238-35'
Line 1003: unexpected catalog number: 'L 26-1g'
Line 1004: unexpected catalog number: 'L 26-59'
Line 1005: unexpected catalog number: 'L 28-125'
Line 1006: unexpected catalog number: 'L 28-126'
Line 1007: unexpected catalog number: 'L 28-28x'
Line 1008: unexpected catalog number: 'L 28-30'
Line 1009: unexpected catalog number: 'L 28-31'
Line 1010: unexpected catalog number: 'L 28-58'
Line 1011: unexpected catalog number: 'L 296-1'
Line 1012: unexpected catalog number: 'L 327-16'
Line 1013: unexpected catalog number: 'L 338/X-32'
Line 1014: unexpected catalog number: 'L 338/X-33'
Line 1015: unexpected catalog number: 'L 338/X-34'
Line 1016: unexpected catalog number: 'L 338/X-35'
Line 1017: unexpected catalog number: 'L 338/X-39'
Line 1018: unexpected catalog number: 'L 338/X-40'
Line 1019: unexpected catalog number: 'L 338/X-41'
Line 1020: unexpected catalog number: 'L 338/X-42'
Line 1021: unexpected catalog number: 'L 338/Y-6'
Line 1022: unexpected catalog number: 'L 338/Y-89'
Line 1023: unexpected catalog number: 'L 338/Y-9'
Line 1024: unexpected catalog number: 'L 345-11'
Line 1025: unexpected catalog number: 'L 362-14'
Line 1026: unexpected catalog number: 'L 398-120'
Line 1027: unexpected catalog number: 'L 398-1215'
Line 1028: unexpected catalog number: 'L 398-1223'
Line 1029: unexpected catalog number: 'L 398-14'
Line 1030: unexpected catalog number: 'L 398-1699'
Line 1031: unexpected catalog number: 'L 398-2230'
Line 1032: unexpected catalog number: 'L 398-2282'
Line 1033: unexpected catalog number: 'L 398-2608'
Line 1034: unexpected catalog number: 'L 398-2626'
Line 1035: unexpected catalog number: 'L 398-2627'
Line 1036: unexpected catalog number: 'L 398-264'
Line 1037: unexpected catalog number: 'L 398-266'
Line 1038: unexpected catalog number: 'L 398-573'
Line 1039: unexpected catalog number: 'L 398-630'
Line 1040: unexpected catalog number: 'L 398-847'
Line 1041: unexpected catalog number: 'L 40-15c'
Line 1042: unexpected catalog number: 'L 40-19'
Line 1043: unexpected catalog number: 'L 420-15'
Line 1044: unexpected catalog number: 'L 427-7'
Line 1045: unexpected catalog number: 'L 45-2'
Line 1046: unexpected catalog number: 'L 465-111'
Line 1047: unexpected catalog number: 'L 465-112'
Line 1048: unexpected catalog number: 'L 465-113'
Line 1049: unexpected catalog number: 'L 50-2'
Line 1050: unexpected catalog number: 'L 51-1'
Line 1051: unexpected catalog number: 'L 51-2'
Line 1052: unexpected catalog number: 'L 51-3'
Line 1053: unexpected catalog number: 'L 51-4'
Line 1054: unexpected catalog number: 'L 51-5'
Line 1055: unexpected catalog number: 'L 51-6'
Line 1056: unexpected catalog number: 'L 51-7'
Line 1057: unexpected catalog number: 'L 51-79'
Line 1058: unexpected catalog number: 'L 51-80'
Line 1059: unexpected catalog number: 'L 54/A-20'
Line 1060: unexpected catalog number: 'L 55-33'
Line 1061: unexpected catalog number: 'L 55-34'
Line 1062: unexpected catalog number: 'L 55-57'
Line 1063: unexpected catalog number: 'L 561-1'
Line 1064: unexpected catalog number: 'L 571-2'
Line 1065: unexpected catalog number: 'L 576-18'
Line 1066: unexpected catalog number: 'L 576-27'
Line 1067: unexpected catalog number: 'L 62-17'
Line 1068: unexpected catalog number: 'L 626-45'
Line 1069: unexpected catalog number: 'L 628-1'
Line 1070: unexpected catalog number: 'L 628-10'
Line 1071: unexpected catalog number: 'L 628-2'
Line 1072: unexpected catalog number: 'L 628-224'
Line 1073: unexpected catalog number: 'L 628-3'
Line 1074: unexpected catalog number: 'L 628-4'
Line 1075: unexpected catalog number: 'L 628-5'
Line 1076: unexpected catalog number: 'L 628-6'
Line 1077: unexpected catalog number: 'L 628-7'
Line 1078: unexpected catalog number: 'L 628-8'
Line 1079: unexpected catalog number: 'L 628-9'
Line 1080: unexpected catalog number: 'L 64-2'
Line 1081: unexpected catalog number: 'L 64-23'
Line 1082: unexpected catalog number: 'L 7-279'
Line 1083: unexpected catalog number: 'L 7/A-125'
Line 1084: unexpected catalog number: 'L 704-2'
Line 1085: unexpected catalog number: 'L 726-11'
Line 1086: unexpected catalog number: 'L 74/A-21'
Line 1087: unexpected catalog number: 'L 754-8'
Line 1088: unexpected catalog number: 'L 795-1'
Line 1089: unexpected catalog number: 'L 797-1'
Line 1090: unexpected catalog number: 'L 824-5'
Line 1091: unexpected catalog number: 'L 849-1'
Line 1092: unexpected catalog number: 'L 852-15'
Line 1093: unexpected catalog number: 'L 860-2'
Line 1094: unexpected catalog number: 'L 880-1a'
Line 1095: unexpected catalog number: 'L 880-1b'
Line 1096: unexpected catalog number: 'L 880-1c'
Line 1097: unexpected catalog number: 'L 880-1d'
Line 1098: unexpected catalog number: 'L 880-2a'
Line 1099: unexpected catalog number: 'L 880-2b'
Line 1100: unexpected catalog number: 'L 894-1'
Line 1101: unexpected catalog number: 'L 9-11'
Line 1102: unexpected catalog number: 'L 9-12'
Line 1103: unexpected catalog number: 'L 9-92'
Line 1104: unexpected catalog number: 'OMO 119-1973-2718'
Line 1105: unexpected catalog number: 'OMO 123/N-1973-5495'
Line 1106: unexpected catalog number: 'OMO 136-1972-1'
Line 1107: unexpected catalog number: 'OMO 136-1972-2'
Line 1108: unexpected catalog number: 'OMO 136-1972-3'
Line 1109: unexpected catalog number: 'OMO 141-1972-1'
Line 1110: unexpected catalog number: 'OMO 141-1972-112'
Line 1111: unexpected catalog number: 'OMO 141-1972-115'
Line 1112: unexpected catalog number: 'OMO 141-1972-117'
Line 1113: unexpected catalog number: 'OMO 141-1972-118'
Line 1114: unexpected catalog number: 'OMO 141-1972-123'
Line 1115: unexpected catalog number: 'OMO 141-1972-129'
Line 1116: unexpected catalog number: 'OMO 141-1972-167'
Line 1117: unexpected catalog number: 'OMO 141-1972-168'
Line 1118: unexpected catalog number: 'OMO 141-1972-177'
Line 1119: unexpected catalog number: 'OMO 141-1972-180'
Line 1120: unexpected catalog number: 'OMO 141-1972-181'
Line 1121: unexpected catalog number: 'OMO 141-1972-182'
Line 1122: unexpected catalog number: 'OMO 141-1972-2'
Line 1123: unexpected catalog number: 'OMO 141-1972-23'
Line 1124: unexpected catalog number: 'OMO 141-1972-4'
Line 1125: unexpected catalog number: 'OMO 141-1972-69'
Line 1126: unexpected catalog number: 'OMO 166-1973-781'
Line 1127: unexpected catalog number: 'OMO 177-1973-4525'
Line 1128: unexpected catalog number: 'OMO 18-1967-18'
Line 1129: unexpected catalog number: 'OMO 18-1968-1181'
Line 1130: unexpected catalog number: 'OMO 18-1968-31'
Line 1131: unexpected catalog number: 'OMO 18-1968-32'
Line 1132: unexpected catalog number: 'OMO 18-1968-33'
Line 1133: unexpected catalog number: 'OMO 18-1968-34'
Line 1134: unexpected catalog number: 'OMO 18-1968-35'
Line 1135: unexpected catalog number: 'OMO 18-1968-36'
Line 1136: unexpected catalog number: 'OMO 18-1968-37'
Line 1137: unexpected catalog number: 'OMO 18-1968-38'
Line 1138: unexpected catalog number: 'OMO 18-1968-39'
Line 1139: unexpected catalog number: 'OMO 18-1968-40'
Line 1140: unexpected catalog number: 'OMO 18-1970-1799'
Line 1141: unexpected catalog number: 'OMO 18-1970-1848'
Line 1142: unexpected catalog number: 'OMO 18/inf-10022'
Line 1143: unexpected catalog number: 'OMO 195-1973-1630'
Line 1144: unexpected catalog number: 'OMO 20/1-1973-1886'
Line 1145: unexpected catalog number: 'OMO 20/4-1970-272'
Line 1146: unexpected catalog number: 'OMO 212-1973-1950'
Line 1147: unexpected catalog number: 'OMO 222-1973-2744'
Line 1148: unexpected catalog number: 'OMO 224-10005'
Line 1149: unexpected catalog number: 'OMO 263-1973-5479'
Line 1150: unexpected catalog number: 'OMO 28-1967-19'
Line 1151: unexpected catalog number: 'OMO 28-1973-4540'
Line 1152: unexpected catalog number: 'OMO 28/S-1968-30'
Line 1153: unexpected catalog number: 'OMO 29/1-1968-43'
Line 1154: unexpected catalog number: 'OMO 323-10003'
Line 1155: unexpected catalog number: 'OMO 323-10069'
Line 1156: unexpected catalog number: 'OMO 323-1976-2117'
Line 1157: unexpected catalog number: 'OMO 323-1976-896a'
Line 1158: unexpected catalog number: 'OMO 323-1976-896b'
Line 1159: unexpected catalog number: 'OMO 323-1976-896c'
Line 1160: unexpected catalog number: 'OMO 323-1976-896d'
Line 1161: unexpected catalog number: 'OMO 323-1976-896e'
Line 1162: unexpected catalog number: 'OMO 323-1976-896f'
Line 1163: unexpected catalog number: 'OMO 323-1976-896g'
Line 1164: unexpected catalog number: 'OMO 323-1976-896h'
Line 1165: unexpected catalog number: 'OMO 323-1976-896i'
Line 1166: unexpected catalog number: 'OMO 323-1976-897'
Line 1167: unexpected catalog number: 'OMO 323-1976-898'
Line 1168: unexpected catalog number: 'OMO 329-10015'
Line 1169: unexpected catalog number: 'OMO 33-1969-10'
Line 1170: unexpected catalog number: 'OMO 33-1969-9'
Line 1171: unexpected catalog number: 'OMO 33-1970-62'
Line 1172: unexpected catalog number: 'OMO 33-1970-63'
Line 1173: unexpected catalog number: 'OMO 33-1970-64'
Line 1174: unexpected catalog number: 'OMO 33-1970-65'
Line 1175: unexpected catalog number: 'OMO 33-1971-506'
Line 1176: unexpected catalog number: 'OMO 33-1971-507'
Line 1177: unexpected catalog number: 'OMO 33-1971-508'
Line 1178: unexpected catalog number: 'OMO 33-1971-509'
Line 1179: unexpected catalog number: 'OMO 33-1971-740'
Line 1180: unexpected catalog number: 'OMO 33-1972-31'
Line 1181: unexpected catalog number: 'OMO 33-1973-3282'
Line 1182: unexpected catalog number: 'OMO 33-1973-3325'
Line 1183: unexpected catalog number: 'OMO 33-1973-5496'
Line 1184: unexpected catalog number: 'OMO 33-1973-5497'
Line 1185: unexpected catalog number: 'OMO 33-1974-3721'
Line 1186: unexpected catalog number: 'OMO 33-1974-4000'
Line 1187: unexpected catalog number: 'OMO 33-1974-6172'
Line 1188: unexpected catalog number: 'OMO 33-1974-896'
Line 1189: unexpected catalog number: 'OMO 33/E-1974-3495'
Line 1190: unexpected catalog number: 'OMO 333-10003'
Line 1191: unexpected catalog number: 'OMO 35-1973-4022'
Line 1192: unexpected catalog number: 'OMO 35-1973-4023'
Line 1193: unexpected catalog number: 'OMO 35-1973-4024'
Line 1194: unexpected catalog number: 'OMO 44-1970-1410'
Line 1195: unexpected catalog number: 'OMO 44-1970-2466'
Line 1196: unexpected catalog number: 'OMO 47-1968-45'
Line 1197: unexpected catalog number: 'OMO 47-1968-46'
Line 1198: unexpected catalog number: 'OMO 47-1968-47'
Line 1199: unexpected catalog number: 'OMO 47-1969-20'
Line 1200: unexpected catalog number: 'OMO 47-1973-1500'
Line 1201: unexpected catalog number: 'OMO 57/4-1968-41'
Line 1202: unexpected catalog number: 'OMO 57/4-1968-42'
Line 1203: unexpected catalog number: 'OMO 57/4-1972-147'
Line 1204: unexpected catalog number: 'OMO 57/4-1972-148'
Line 1205: unexpected catalog number: 'OMO 57/5-1972-123'
Line 1206: unexpected catalog number: 'OMO 57/5-1972-197'
Line 1207: unexpected catalog number: 'OMO 57/5-1972-319'
Line 1208: unexpected catalog number: 'OMO 57/5-1972-320'
Line 1209: unexpected catalog number: 'OMO 57/5-1972-370'
Line 1210: unexpected catalog number: 'OMO 57/5-1972-371'
Line 1211: unexpected catalog number: 'OMO 57/5-1972-372'
Line 1212: unexpected catalog number: 'OMO 57/6-1972-244'
Line 1213: unexpected catalog number: 'OMO 69-1974-900'
Line 1214: unexpected catalog number: 'OMO 74-1969-18'
Line 1215: unexpected catalog number: 'OMO 75-1969-14a'
Line 1216: unexpected catalog number: 'OMO 75-1969-14b'
Line 1217: unexpected catalog number: 'OMO 75/i-1970-1255'
Line 1218: unexpected catalog number: 'OMO 75/s-1969-15'
Line 1219: unexpected catalog number: 'OMO 75/s-1969-16'
Line 1220: unexpected catalog number: 'OMO 75/s-1970-1317'
Line 1221: unexpected catalog number: 'OMO 75/s-1970-875'
Line 1222: unexpected catalog number: 'OMO 76-1969-13'
Line 1223: unexpected catalog number: 'OMO 76-1972-37'
Line 1224: unexpected catalog number: 'OMO 76-1972-38'
Line 1225: unexpected catalog number: 'OMO 76/r-1969-11'
Line 1226: unexpected catalog number: 'OMO 76/r-1969-12'
Line 1227: unexpected catalog number: 'OMO 84-10001'
Line 1228: unexpected catalog number: 'OMO 84-1970-100'
Line 1229: unexpected catalog number: 'OMO K 7-1969-19'
Line 1230: unexpected catalog number: 'OMO Sh 1/1-1969-17'
Line 1231: unexpected catalog number: 'P 933-1'
Line 1232: unexpected catalog number: 'P 996-17a'
Line 1233: unexpected catalog number: 'P 996-17b'
Line 1234: unexpected catalog number: 'W 7-23'
Line 1235: unexpected catalog number: 'W 7-508'
Line 1236: unexpected catalog number: 'W 7-559i'
Line 1237: unexpected catalog number: 'W 7-578'
Line 1238: unexpected catalog number: 'W 8-749'
Line 1239: unexpected catalog number: 'W 8-750'
Line 1240: unexpected catalog number: 'W 8-751'
Line 1241: unexpected catalog number: 'W 8-752'
Line 1242: unexpected catalog number: 'W 8-753'
Line 1243: unexpected catalog number: 'W 8-978'
